[www.uy5ubz.space/index.html]
[backblue.gif]
[fade.gif]
[index.html]
[www.uy5ubz.space/index.html]
[www.uy5ubz.space/blog.html]
[www.uy5ubz.space/monitor.html]
[www.uy5ubz.space/server-log.html]
[www.uy5ubz.space/static/images/signal.gif]
[www.uy5ubz.space/static/images/monitoring.gif]
[www.uy5ubz.space/blog.html]
[www.uy5ubz.space/blog/post/64.html]
[www.uy5ubz.space/static/images/radioactive.gif]
[www.uy5ubz.space/monitor.html]
[www.uy5ubz.space/static/images/archive.gif]
[www.uy5ubz.space/static/images/radio.gif]
[www.uy5ubz.space/server-log.html]
[www.uy5ubz.space/blog/post/63.html]
[www.uy5ubz.space/blog/post/62.html]
[www.uy5ubz.space/blog/post/61.html]
[www.uy5ubz.space/static/style.css]
[www.uy5ubz.space/blog/post/60.html]
[www.uy5ubz.space/blog2679.html]
[www.uy5ubz.space/blog4658.html]
[www.uy5ubz.space/blog/post/64.html]
[www.uy5ubz.space/blog9ba9.html]
[www.uy5ubz.space/blog3963.html]
[www.uy5ubz.space/blog/post/63.html]
[www.uy5ubz.space/blog/post/62.html]
[www.uy5ubz.space/blog/post/61.html]
[www.uy5ubz.space/blog/post/60.html]
[www.uy5ubz.space/blog2679.html]
[www.uy5ubz.space/blog4658.html]
[www.uy5ubz.space/blog/post/59.html]
[www.uy5ubz.space/static/images/point_off.gif]
[www.uy5ubz.space/static/images/point.gif]
[www.uy5ubz.space/static/images/new_work_place.jpg]
[www.uy5ubz.space/blog/post/58.html]
[www.uy5ubz.space/blog/post/57.html]
[www.uy5ubz.space/blog/post/54.html]
[www.uy5ubz.space/blog9ba9.html]
[www.uy5ubz.space/blog/post/56.html]
[www.uy5ubz.space/blog/post/53.html]
[www.uy5ubz.space/blog3963.html]
[www.uy5ubz.space/blog/post/52.html]
[www.uy5ubz.space/blog/post/55.html]
[www.uy5ubz.space/blog/post/59.html]
[www.uy5ubz.space/blog/post/58.html]
[www.uy5ubz.space/blog/post/57.html]
[www.uy5ubz.space/blog/post/56.html]
[www.uy5ubz.space/blog/post/55.html]
[www.uy5ubz.space/blog/post/54.html]
[www.uy5ubz.space/blog/post/53.html]
[www.uy5ubz.space/blog/post/52.html]
[www.uy5ubz.space/blogfdb0.html]
[www.uy5ubz.space/blogfdb0.html]
[www.uy5ubz.space/blog42a7.html]
[www.uy5ubz.space/blog42a7.html]
